(cx-gui-do cx-activate-item "MenuBar*ReadSubMenu*Mesh...")
(cx-gui-do cx-set-file-dialog-entries "Select File" '( "/cfdfile2/data/fm/alireza/EcoFlow/reed_channel/mesh/reed_mesh/Reed_1_74.msh") "Mesh Files (*.msh* *.MSH* )")
(cx-gui-do cx-activate-item "Ribbon*Frame1*Frame2(Setting Up Domain)*Table1*Table3(Zones)*PushButton7(Append)")
(cx-gui-do cx-activate-item "MenuBar*PopupMenuAppend*Append Case File...")
(cx-gui-do cx-set-file-dialog-entries "Select File" '( "/cfdfile2/data/fm/alireza/EcoFlow/reed_channel/mesh/nozzle_striaght/1.6/nozzle-1.6_a6.23_b10.87_y-8.02_z12.03-meduim.msh") "Case Files (*.cas* *.msh* *.MSH* )")
(cx-gui-do cx-activate-item "Warning*OK")
(cx-gui-do cx-activate-item "Ribbon*Frame1*Frame2(Setting Up Domain)*Table1*Table3(Zones)*PushButton7(Append)")
(cx-gui-do cx-activate-item "MenuBar*PopupMenuAppend*Append Case File...")
(cx-gui-do cx-set-file-dialog-entries "Select File" '( "/cfdfile2/data/fm/alireza/EcoFlow/reed_channel/mesh/yarn/yarn-0.4-72mm-point7.msh") "Case Files (*.cas* *.msh* *.MSH* )")
(cx-gui-do cx-activate-item "Warning*OK")
(cx-gui-do cx-activate-item "Ribbon*Frame1*Frame2(Setting Up Domain)*Table1*Table3(Mesh)*PushButton8(Scale)")
(cx-gui-do cx-set-list-selections "Scale Mesh*Table1*Table2(Scaling)*DropDownList2(Mesh Was Created In)" '( 3))
(cx-gui-do cx-activate-item "Scale Mesh*Table1*Table2(Scaling)*DropDownList2(Mesh Was Created In)")
(cx-gui-do cx-activate-item "Scale Mesh*Table1*Table2(Scaling)*PushButton4(Scale)")
(cx-gui-do cx-activate-item "Scale Mesh*PanelButtons*PushButton1(Close)")
/define/beta-feature-access yes ok 
(cx-gui-do cx-set-list-tree-selections "NavigationPane*List_Tree1" (list "Setup|Materials|Fluid"))
(cx-gui-do cx-set-list-tree-selections "NavigationPane*List_Tree1" (list "Setup|Materials|Fluid"))
(cx-gui-do cx-activate-item "NavigationPane*List_Tree1")
(cx-gui-do cx-set-list-tree-selections "NavigationPane*List_Tree1" (list "Setup|Materials|Fluid"))
(cx-gui-do cx-set-list-tree-selections "NavigationPane*List_Tree1" (list "Setup|Materials|Fluid|air"))
(cx-gui-do cx-set-list-tree-selections "NavigationPane*List_Tree1" (list "Setup|Materials|Fluid|air"))
(cx-gui-do cx-activate-item "NavigationPane*List_Tree1")
(cx-gui-do cx-set-list-tree-selections "NavigationPane*List_Tree1" (list "Setup|Materials|Fluid|air"))
(cx-gui-do cx-set-list-selections "Create/Edit Materials*Table2*Table1(Properties)*DropDownList4(Density)" '( 1))
(cx-gui-do cx-activate-item "Create/Edit Materials*Table2*Table1(Properties)*DropDownList4(Density)")
(cx-gui-do cx-activate-item "Create/Edit Materials*PanelButtons*PushButton3(Change/Create)")
(cx-gui-do cx-activate-item "Create/Edit Materials*PanelButtons*PushButton1(Close)")
(cx-gui-do cx-set-list-tree-selections "NavigationPane*List_Tree1" (list "Setup|Models|Viscous (Laminar)"))
(cx-gui-do cx-set-list-tree-selections "NavigationPane*List_Tree1" (list "Setup|Models|Viscous (Laminar)"))
(cx-gui-do cx-set-list-tree-selections "NavigationPane*List_Tree1" (list "Setup|Models|Viscous (Laminar)"))
(cx-gui-do cx-activate-item "NavigationPane*List_Tree1")
(cx-gui-do cx-set-list-tree-selections "NavigationPane*List_Tree1" (list "Setup|Models|Viscous (Laminar)"))
(cx-gui-do cx-set-toggle-button2 "Viscous Model*Table1*ToggleBox1(Model)*k-omega (2 eqn)" #t)
(cx-gui-do cx-activate-item "Viscous Model*Table1*ToggleBox1(Model)*k-omega (2 eqn)")
(cx-gui-do cx-set-toggle-button2 "Viscous Model*Table1*ToggleBox7(k-omega Model)*SST" #t)
(cx-gui-do cx-activate-item "Viscous Model*Table1*ToggleBox7(k-omega Model)*SST")
(cx-gui-do cx-set-toggle-button2 "Viscous Model*Table1*ToggleBox18(Options)*CheckButton5(Compressibility Effects)" #t)
(cx-gui-do cx-activate-item "Viscous Model*Table1*ToggleBox18(Options)*CheckButton5(Compressibility Effects)")
(cx-gui-do cx-set-real-entry-list "Viscous Model*Table2*Table5(Model Constants)*RealEntry99(Mt0)" '( 0.1))
(cx-gui-do cx-activate-item "Viscous Model*PanelButtons*PushButton1(OK)")
(cx-gui-do cx-set-list-tree-selections "NavigationPane*List_Tree1" (list "Setup|Models|Viscous (SST k-omega)"))
(cx-gui-do cx-set-list-tree-selections "NavigationPane*List_Tree1" (list "Setup|Cell Zone Conditions|background-reed (fluid, id=2)"))
(cx-gui-do cx-set-list-tree-selections "NavigationPane*List_Tree1" (list "Setup|Cell Zone Conditions|background-reed (fluid, id=2)"))
(cx-gui-do cx-activate-item "NavigationPane*List_Tree1")
(cx-gui-do cx-set-list-tree-selections "NavigationPane*List_Tree1" (list "Setup|Cell Zone Conditions|background-reed (fluid, id=2)"))
(cx-gui-do cx-set-real-entry-list "Fluid*Table4*Frame1*Frame1(Reference Frame)*Table1*Table1*Table3(Rotation-Axis Direction)*Table1*RealEntry2(X)" '( 1))
(cx-gui-do cx-set-real-entry-list "Fluid*Table4*Frame1*Frame1(Reference Frame)*Table1*Table1*Table3(Rotation-Axis Direction)*Table3*RealEntry2(Z)" '( 0))
(cx-gui-do cx-activate-item "Fluid*PanelButtons*PushButton1(OK)")
(cx-gui-do cx-set-list-tree-selections "NavigationPane*List_Tree1" (list "Setup|Cell Zone Conditions|component-nozzle (fluid, id=21)"))
(cx-gui-do cx-set-list-tree-selections "NavigationPane*List_Tree1" (list "Setup|Cell Zone Conditions|component-nozzle (fluid, id=21)"))
(cx-gui-do cx-activate-item "NavigationPane*List_Tree1")
(cx-gui-do cx-set-list-tree-selections "NavigationPane*List_Tree1" (list "Setup|Cell Zone Conditions|component-nozzle (fluid, id=21)"))
(cx-gui-do cx-set-real-entry-list "Fluid*Table4*Frame1*Frame1(Reference Frame)*Table1*Table1*Table3(Rotation-Axis Direction)*Table1*RealEntry2(X)" '( 1))
(cx-gui-do cx-set-real-entry-list "Fluid*Table4*Frame1*Frame1(Reference Frame)*Table1*Table1*Table3(Rotation-Axis Direction)*Table3*RealEntry2(Z)" '( 0))
(cx-gui-do cx-activate-item "Fluid*PanelButtons*PushButton1(OK)")
(cx-gui-do cx-set-list-tree-selections "NavigationPane*List_Tree1" (list "Setup|Cell Zone Conditions|yarn-component (fluid, id=27)"))
(cx-gui-do cx-set-list-tree-selections "NavigationPane*List_Tree1" (list "Setup|Cell Zone Conditions|yarn-component (fluid, id=27)"))
(cx-gui-do cx-activate-item "NavigationPane*List_Tree1")
(cx-gui-do cx-set-list-tree-selections "NavigationPane*List_Tree1" (list "Setup|Cell Zone Conditions|yarn-component (fluid, id=27)"))
(cx-gui-do cx-set-real-entry-list "Fluid*Table4*Frame1*Frame1(Reference Frame)*Table1*Table1*Table3(Rotation-Axis Direction)*Table1*RealEntry2(X)" '( 1))
(cx-gui-do cx-set-real-entry-list "Fluid*Table4*Frame1*Frame1(Reference Frame)*Table1*Table1*Table3(Rotation-Axis Direction)*Table3*RealEntry2(Z)" '( 0))
(cx-gui-do cx-activate-item "Fluid*PanelButtons*PushButton1(OK)")
(cx-gui-do cx-set-list-tree-selections "NavigationPane*List_Tree1" (list "Setup|Boundary Conditions"))
(cx-gui-do cx-set-list-tree-selections "NavigationPane*List_Tree1" (list "Setup|Boundary Conditions"))
(cx-gui-do cx-activate-item "NavigationPane*List_Tree1")
(cx-gui-do cx-set-list-tree-selections "NavigationPane*List_Tree1" (list "Setup|Boundary Conditions"))
(cx-gui-do cx-activate-item "Boundary Conditions*Table1*Table3*Table4*Table2*PushButton3( Periodic Conditions)")
(cx-gui-do cx-set-real-entry-list "Periodic Conditions*RealEntry5(Upstream Bulk Temperature)" '( 293))
(cx-gui-do cx-activate-item "Periodic Conditions*PanelButtons*PushButton1(OK)")
(cx-gui-do cx-set-list-tree-selections "NavigationPane*List_Tree1" (list "Setup|Boundary Conditions"))
(cx-gui-do cx-set-list-tree-selections "NavigationPane*List_Tree1" (list "Setup|Boundary Conditions|pressuer-outlet-topcenter (pressure-outlet, id=11)"))
(cx-gui-do cx-set-list-tree-selections "NavigationPane*List_Tree1" (list "Setup|Boundary Conditions|pressuer-outlet-topcenter (pressure-outlet, id=11)"))
(cx-gui-do cx-activate-item "NavigationPane*List_Tree1")
(cx-gui-do cx-set-list-tree-selections "NavigationPane*List_Tree1" (list "Setup|Boundary Conditions|pressuer-outlet-topcenter (pressure-outlet, id=11)"))
(cx-gui-do cx-set-real-entry-list "Pressure Outlet*Frame3*Frame2(Thermal)*Table1*Table1*RealEntry2(Backflow Total Temperature)" '( 293))
(cx-gui-do cx-activate-item "Pressure Outlet*PanelButtons*PushButton1(OK)")
(cx-gui-do cx-set-list-tree-selections "NavigationPane*List_Tree1" (list "Setup|Boundary Conditions|pressure-inlet (pressure-inlet, id=18)"))
(cx-gui-do cx-set-list-tree-selections "NavigationPane*List_Tree1" (list "Setup|Boundary Conditions|pressure-inlet (pressure-inlet, id=18)"))
(cx-gui-do cx-activate-item "NavigationPane*List_Tree1")
(cx-gui-do cx-set-list-tree-selections "NavigationPane*List_Tree1" (list "Setup|Boundary Conditions|pressure-inlet (pressure-inlet, id=18)"))
(cx-gui-do cx-set-real-entry-list "Pressure Inlet*Frame3*Frame1(Momentum)*Table1*Table6*RealEntry2(Gauge Total Pressure)" '( 1000))
(cx-gui-do cx-set-real-entry-list "Pressure Inlet*Frame3*Frame1(Momentum)*Table1*Table7*RealEntry2(Supersonic/Initial Gauge Pressure)" '( 1000))
(cx-gui-do cx-set-real-entry-list "Pressure Inlet*Frame3*Frame2(Thermal)*Table1*Table1*RealEntry2(Total Temperature)" '( 293))
(cx-gui-do cx-activate-item "Pressure Inlet*PanelButtons*PushButton1(OK)")
(cx-gui-do cx-set-list-tree-selections "NavigationPane*List_Tree1" (list "Setup|Boundary Conditions|pressure-oulet-downcenter (pressure-outlet, id=8)"))
(cx-gui-do cx-set-list-tree-selections "NavigationPane*List_Tree1" (list "Setup|Boundary Conditions|pressure-oulet-downcenter (pressure-outlet, id=8)"))
(cx-gui-do cx-activate-item "NavigationPane*List_Tree1")
(cx-gui-do cx-set-list-tree-selections "NavigationPane*List_Tree1" (list "Setup|Boundary Conditions|pressure-oulet-downcenter (pressure-outlet, id=8)"))
(cx-gui-do cx-set-list-tree-selections "NavigationPane*List_Tree1" (list "Setup|Boundary Conditions|pressure-oulet-downcenter (pressure-outlet, id=8)"))
(cx-gui-do cx-set-real-entry-list "Pressure Outlet*Frame3*Frame2(Thermal)*Table1*Table1*RealEntry2(Backflow Total Temperature)" '( 293))
(cx-gui-do cx-activate-item "Pressure Outlet*PanelButtons*PushButton1(OK)")
(cx-gui-do cx-set-list-tree-selections "NavigationPane*List_Tree1" (list "Setup|Boundary Conditions|pressure-outlet-downleft (pressure-outlet, id=9)"))
(cx-gui-do cx-set-list-tree-selections "NavigationPane*List_Tree1" (list "Setup|Boundary Conditions|pressure-outlet-downleft (pressure-outlet, id=9)"))
(cx-gui-do cx-activate-item "NavigationPane*List_Tree1")
(cx-gui-do cx-set-list-tree-selections "NavigationPane*List_Tree1" (list "Setup|Boundary Conditions|pressure-outlet-downleft (pressure-outlet, id=9)"))
(cx-gui-do cx-set-real-entry-list "Pressure Outlet*Frame3*Frame2(Thermal)*Table1*Table1*RealEntry2(Backflow Total Temperature)" '( 293))
(cx-gui-do cx-activate-item "Pressure Outlet*PanelButtons*PushButton1(OK)")
(cx-gui-do cx-set-list-tree-selections "NavigationPane*List_Tree1" (list "Setup|Boundary Conditions|pressure-outlet-upleft (pressure-outlet, id=12)"))
(cx-gui-do cx-set-list-tree-selections "NavigationPane*List_Tree1" (list "Setup|Boundary Conditions|pressure-outlet-downright (pressure-outlet, id=10)"))
(cx-gui-do cx-set-list-tree-selections "NavigationPane*List_Tree1" (list "Setup|Boundary Conditions|pressure-outlet-downright (pressure-outlet, id=10)"))
(cx-gui-do cx-activate-item "NavigationPane*List_Tree1")
(cx-gui-do cx-set-list-tree-selections "NavigationPane*List_Tree1" (list "Setup|Boundary Conditions|pressure-outlet-downright (pressure-outlet, id=10)"))
(cx-gui-do cx-set-real-entry-list "Pressure Outlet*Frame3*Frame2(Thermal)*Table1*Table1*RealEntry2(Backflow Total Temperature)" '( 293))
(cx-gui-do cx-activate-item "Pressure Outlet*PanelButtons*PushButton1(OK)")
(cx-gui-do cx-set-list-tree-selections "NavigationPane*List_Tree1" (list "Setup|Boundary Conditions|pressure-outlet-upleft (pressure-outlet, id=12)"))
(cx-gui-do cx-set-list-tree-selections "NavigationPane*List_Tree1" (list "Setup|Boundary Conditions|pressure-outlet-upleft (pressure-outlet, id=12)"))
(cx-gui-do cx-activate-item "NavigationPane*List_Tree1")
(cx-gui-do cx-set-list-tree-selections "NavigationPane*List_Tree1" (list "Setup|Boundary Conditions|pressure-outlet-upleft (pressure-outlet, id=12)"))
(cx-gui-do cx-set-real-entry-list "Pressure Outlet*Frame3*Frame2(Thermal)*Table1*Table1*RealEntry2(Backflow Total Temperature)" '( 293))
(cx-gui-do cx-activate-item "Pressure Outlet*PanelButtons*PushButton1(OK)")
(cx-gui-do cx-set-list-tree-selections "NavigationPane*List_Tree1" (list "Setup|Boundary Conditions|pressure-outlet-upright (pressure-outlet, id=13)"))
(cx-gui-do cx-set-list-tree-selections "NavigationPane*List_Tree1" (list "Setup|Boundary Conditions|pressure-outlet-upright (pressure-outlet, id=13)"))
(cx-gui-do cx-activate-item "NavigationPane*List_Tree1")
(cx-gui-do cx-set-list-tree-selections "NavigationPane*List_Tree1" (list "Setup|Boundary Conditions|pressure-outlet-upright (pressure-outlet, id=13)"))
(cx-gui-do cx-set-real-entry-list "Pressure Outlet*Frame3*Frame2(Thermal)*Table1*Table1*RealEntry2(Backflow Total Temperature)" '( 293))
(cx-gui-do cx-activate-item "Pressure Outlet*PanelButtons*PushButton1(OK)")
(cx-gui-do cx-set-list-tree-selections "NavigationPane*List_Tree1" (list "Setup|Boundary Conditions|pressuer-outlet-topcenter (pressure-outlet, id=11)"))
(cx-gui-do cx-set-list-tree-selections "NavigationPane*List_Tree1" (list "Setup|Boundary Conditions|periodic (periodic, id=4)"))
(cx-gui-do cx-set-list-tree-selections "NavigationPane*List_Tree1" (list "Setup|Boundary Conditions|periodic (periodic, id=4)"))
(cx-gui-do cx-activate-item "NavigationPane*List_Tree1")
(cx-gui-do cx-set-list-tree-selections "NavigationPane*List_Tree1" (list "Setup|Boundary Conditions|periodic (periodic, id=4)"))
(cx-gui-do cx-activate-item "Periodic*PanelButtons*PushButton2(Cancel)")
(cx-gui-do cx-set-list-tree-selections "NavigationPane*List_Tree1" (list "Setup|Boundary Conditions|overset-interface (wall, id=19)"))
(cx-gui-do cx-set-list-tree-selections "NavigationPane*List_Tree1" (list "Setup|Boundary Conditions|overset-interface (wall, id=19)"))
(cx-gui-do cx-list-tree-right-click "NavigationPane*List_Tree1" )
(cx-gui-do cx-activate-item "MenuBar*TypeSubMenu*overset")
(cx-gui-do cx-activate-item "Overset*PanelButtons*PushButton1(OK)")
(cx-gui-do cx-set-list-tree-selections "NavigationPane*List_Tree1" (list "Setup|Boundary Conditions|overset-yarn (wall, id=22)"))
(cx-gui-do cx-set-list-tree-selections "NavigationPane*List_Tree1" (list "Setup|Boundary Conditions|overset-yarn (wall, id=22)"))
(cx-gui-do cx-list-tree-right-click "NavigationPane*List_Tree1" )
(cx-gui-do cx-activate-item "MenuBar*TypeSubMenu*overset")
(cx-gui-do cx-activate-item "Overset*PanelButtons*PushButton1(OK)")
(cx-gui-do cx-set-list-tree-selections "NavigationPane*List_Tree1" (list "Setup|Overset Interfaces"))
(cx-gui-do cx-set-list-tree-selections "NavigationPane*List_Tree1" (list "Setup|Overset Interfaces"))
(cx-gui-do cx-activate-item "NavigationPane*List_Tree1")
(cx-gui-do cx-set-list-tree-selections "NavigationPane*List_Tree1" (list "Setup|Overset Interfaces"))
(cx-gui-do cx-activate-item "Overset Interfaces*PushButton4(Create/Edit)")
(cx-gui-do cx-set-text-entry "Create/Edit Overset Interfaces *Table1*TextEntry4( Overset Interface)" "overset")
(cx-gui-do cx-set-list-selections "Create/Edit Overset Interfaces *Table1*List2( Background Zones)" '( 0))
(cx-gui-do cx-activate-item "Create/Edit Overset Interfaces *Table1*List2( Background Zones)")
(cx-gui-do cx-set-list-selections "Create/Edit Overset Interfaces *Table1*List3( Component Zones)" '( 0))
(cx-gui-do cx-activate-item "Create/Edit Overset Interfaces *Table1*List3( Component Zones)")
(cx-gui-do cx-set-list-selections "Create/Edit Overset Interfaces *Table1*List3( Component Zones)" '( 0 1))
(cx-gui-do cx-activate-item "Create/Edit Overset Interfaces *Table1*List3( Component Zones)")
(cx-gui-do cx-activate-item "Create/Edit Overset Interfaces *PanelButtons*PushButton1(OK)")
(cx-gui-do cx-activate-item "Create/Edit Overset Interfaces *PanelButtons*PushButton2(Cancel)")
(cx-gui-do cx-set-list-tree-selections "NavigationPane*List_Tree1" (list "Solution|Methods"))
(cx-gui-do cx-set-list-tree-selections "NavigationPane*List_Tree1" (list "Solution|Methods"))
(cx-gui-do cx-activate-item "NavigationPane*List_Tree1")
(cx-gui-do cx-set-list-tree-selections "NavigationPane*List_Tree1" (list "Solution|Methods"))
(cx-gui-do cx-set-list-selections "Solution Methods*Table1*Table3(Spatial Discretization)*DropDownList3(Density)" '( 0))
(cx-gui-do cx-activate-item "Solution Methods*Table1*Table3(Spatial Discretization)*DropDownList3(Density)")
(cx-gui-do cx-set-list-selections "Solution Methods*Table1*Table3(Spatial Discretization)*DropDownList2(Pressure)" '( 1))
(cx-gui-do cx-activate-item "Solution Methods*Table1*Table3(Spatial Discretization)*DropDownList2(Pressure)")
(cx-gui-do cx-set-list-selections "Solution Methods*Table1*Table3(Spatial Discretization)*DropDownList4(Momentum)" '( 0))
(cx-gui-do cx-activate-item "Solution Methods*Table1*Table3(Spatial Discretization)*DropDownList4(Momentum)")
(cx-gui-do cx-set-list-selections "Solution Methods*Table1*Table3(Spatial Discretization)*DropDownList7(Energy)" '( 0))
(cx-gui-do cx-activate-item "Solution Methods*Table1*Table3(Spatial Discretization)*DropDownList7(Energy)")
(cx-gui-do cx-set-list-tree-selections "NavigationPane*List_Tree1" (list "Solution|Controls"))
(cx-gui-do cx-set-list-tree-selections "NavigationPane*List_Tree1" (list "Solution|Controls"))
(cx-gui-do cx-activate-item "NavigationPane*List_Tree1")
(cx-gui-do cx-set-list-tree-selections "NavigationPane*List_Tree1" (list "Solution|Controls"))
(cx-gui-do cx-set-real-entry-list "Solution Controls*Table1*Table1*RealEntry2(Flow Courant Number)" '( 5))
(cx-gui-do cx-activate-item "Solution Controls*Table1*Table1*RealEntry2(Flow Courant Number)")
(cx-gui-do cx-set-list-tree-selections "NavigationPane*List_Tree1" (list "Solution|Report Definitions"))
(cx-gui-do cx-set-list-tree-selections "NavigationPane*List_Tree1" (list "Solution|Monitors"))
(cx-gui-do cx-set-list-tree-selections "NavigationPane*List_Tree1" (list "Solution|Monitors"))
(cx-gui-do cx-set-list-tree-selections "NavigationPane*List_Tree1" (list "Solution|Monitors|Residual"))
(cx-gui-do cx-set-list-tree-selections "NavigationPane*List_Tree1" (list "Solution|Monitors|Residual"))
(cx-gui-do cx-set-list-tree-selections "NavigationPane*List_Tree1" (list "Solution|Monitors|Residual"))
(cx-gui-do cx-activate-item "NavigationPane*List_Tree1")
(cx-gui-do cx-set-list-tree-selections "NavigationPane*List_Tree1" (list "Solution|Monitors|Residual"))
(cx-gui-do cx-set-toggle-button2 "Residual Monitors*Table1*Table2*Table1*Table1(Equations)*CheckButton10" #f)
(cx-gui-do cx-activate-item "Residual Monitors*Table1*Table2*Table1*Table1(Equations)*CheckButton10")
(cx-gui-do cx-set-toggle-button2 "Residual Monitors*Table1*Table2*Table1*Table1(Equations)*CheckButton16" #f)
(cx-gui-do cx-activate-item "Residual Monitors*Table1*Table2*Table1*Table1(Equations)*CheckButton16")
(cx-gui-do cx-set-toggle-button2 "Residual Monitors*Table1*Table2*Table1*Table1(Equations)*CheckButton22" #f)
(cx-gui-do cx-activate-item "Residual Monitors*Table1*Table2*Table1*Table1(Equations)*CheckButton22")
(cx-gui-do cx-set-toggle-button2 "Residual Monitors*Table1*Table2*Table1*Table1(Equations)*CheckButton28" #f)
(cx-gui-do cx-activate-item "Residual Monitors*Table1*Table2*Table1*Table1(Equations)*CheckButton28")
(cx-gui-do cx-set-toggle-button2 "Residual Monitors*Table1*Table2*Table1*Table1(Equations)*CheckButton34" #f)
(cx-gui-do cx-activate-item "Residual Monitors*Table1*Table2*Table1*Table1(Equations)*CheckButton34")
(cx-gui-do cx-set-toggle-button2 "Residual Monitors*Table1*Table2*Table1*Table1(Equations)*CheckButton40" #f)
(cx-gui-do cx-activate-item "Residual Monitors*Table1*Table2*Table1*Table1(Equations)*CheckButton40")
(cx-gui-do cx-set-toggle-button2 "Residual Monitors*Table1*Table2*Table1*Table1(Equations)*CheckButton46" #f)
(cx-gui-do cx-activate-item "Residual Monitors*Table1*Table2*Table1*Table1(Equations)*CheckButton46")
(cx-gui-do cx-activate-item "Residual Monitors*PanelButtons*PushButton1(OK)")
(cx-gui-do cx-set-list-tree-selections "NavigationPane*List_Tree1" (list "Setup|Overset Interfaces|overset"))
/define/overset-interfaces/grid-priorities overset 0 1 1 
/define/overset-interfaces/options/minimize-overlap? yes 
(cx-gui-do cx-set-list-tree-selections "NavigationPane*List_Tree1" (list "Solution|Methods"))
(cx-gui-do cx-set-list-tree-selections "NavigationPane*List_Tree1" (list "Solution|Methods"))
(cx-gui-do cx-activate-item "NavigationPane*List_Tree1")
(cx-gui-do cx-set-list-tree-selections "NavigationPane*List_Tree1" (list "Solution|Methods"))
(cx-gui-do cx-set-list-tree-selections "NavigationPane*List_Tree1" (list "Solution|Controls"))
(cx-gui-do cx-set-list-tree-selections "NavigationPane*List_Tree1" (list "Solution|Controls"))
(cx-gui-do cx-activate-item "NavigationPane*List_Tree1")
(cx-gui-do cx-set-list-tree-selections "NavigationPane*List_Tree1" (list "Solution|Controls"))
(cx-gui-do cx-activate-item "Ribbon*Frame1*Frame5(Solving)*Table1*Table3(Initialization)*PushButton5(Initialize)")
(cx-gui-do cx-activate-item "MenuBar*WriteSubMenu*Case & Data...")
(cx-gui-do cx-set-file-dialog-entries "Select File" '( "/cfdfile2/data/fm/alireza/EcoFlow/Test_plan/setup_1/yarn_position_1/yarn_speed_60/setup_1_position_1_speed_60.cas") "Case/Data Files (*.cas* *.pdat* )")
(cx-gui-do cx-activate-item "Information*OK")
(cx-gui-do cx-activate-item "MenuBar*WriteSubMenu*Stop Journal")
exit yes
